// Jest Snapshot v1, https://goo.gl/fbAQLP

exports[`Calc renders correctly 1`] = `
<div>
  Calculator
</div>
`;
