// Jest Snapshot v1, https://goo.gl/fbAQLP

exports[`IconList renders correctly 1`] = `
<div
  className="flex flex-wrap justify-center my-12"
>
  <div
    className="flex-1 flex flex-col items-center justify-center mx-1 mb-9 min-w-max"
  >
    <img
      alt="icon.icon.alt"
      className="icon-height42 mb-4"
      src="icon.icon.url"
    />
    <p>
      icon.text
    </p>
  </div>
</div>
`;

exports[`IconList renders correctly 1`] = `
<div
  className="flex flex-wrap justify-center my-12"
>
  <div
    className="flex-1 flex flex-col items-center justify-center mx-1 mb-9 min-w-max"
  >
    <img
      alt="icon.icon.alt"
      className="icon-height42 mb-4"
      src="icon.icon.url"
    />
    <p>
      icon.text
    </p>
  </div>
</div>
`;
