// Jest Snapshot v1, https://goo.gl/fbAQLP

exports[`TextWithCta renders correctly 1`] = `
<div
  className="text-center mt-6"
>
  <h1
    className="text-2xl mt-12 mb-2 font-extrabold"
  >
    data.primary.title
  </h1>
  <p
    className="mb-4"
  >
    data.primary.subtitle
  </p>
  <div
    className="mb-4"
  >
    <a
      href="/property-type"
    >
      <button
        className="btn-lg"
        type="link"
      >
        data.primary.button_1_text
      </button>
    </a>
  </div>
  <a
    href="data.primary.button_2_link.url"
  >
    data.primary.button_2_text
  </a>
</div>
`;

exports[`TextWithCta renders correctly 1`] = `
<div
  className="text-center mt-6"
>
  <h1
    className="text-2xl mt-12 mb-2 font-extrabold"
  >
    data.primary.title
  </h1>
  <p
    className="mb-4"
  >
    data.primary.subtitle
  </p>
  <div
    className="mb-4"
  >
    <a
      href="/property-type"
    >
      <button
        className="btn-lg"
        type="link"
      >
        data.primary.button_1_text
      </button>
    </a>
  </div>
  <a
    href="data.primary.button_2_link.url"
  >
    data.primary.button_2_text
  </a>
</div>
`;
